.\.venv\Scripts\python : 
WARNING: All log messages 
before 
absl::InitializeLog() is 
called are written to 
STDERR
At line:1 char:1
+ .\.venv\Scripts\python 
test_inference.py > 
test_output.txt 2>&1
+ ~~~~~~~~~~~~~~~~~~~~~~~~
~~~~~~~~~~~~~~~~~~~~~~~~~~
~~~~~~~~~~~~~
    + CategoryInfo        
      : NotSpecified: (W  
  ARNING: All lo...itte   
 n to STDERR:String) [    
], RemoteException
    + FullyQualifiedError 
   Id : NativeCommandErr  
  or
 
I0000 
00:00:1774775820.588009   
18276 port.cc:153] oneDNN 
custom operations are on. 
You may see slightly 
different numerical 
results due to 
floating-point round-off 
errors from different 
computation orders. To 
turn them off, set the 
environment variable 
`TF_ENABLE_ONEDNN_OPTS=0`.
WARNING: All log messages 
before 
absl::InitializeLog() is 
called are written to 
STDERR
I0000 
00:00:1774775822.556312   
18276 port.cc:153] oneDNN 
custom operations are on. 
You may see slightly 
different numerical 
results due to 
floating-point round-off 
errors from different 
computation orders. To 
turn them off, set the 
environment variable 
`TF_ENABLE_ONEDNN_OPTS=0`.
Traceback (most recent 
call last):
  File "C:\Users\shiro\One
Drive\Desktop\Python 
files\AE2 ASSESSMENT\test_
inference.py", line 74, 
in <module>
    run_test()
  File "C:\Users\shiro\One
Drive\Desktop\Python 
files\AE2 ASSESSMENT\test_
inference.py", line 16, 
in run_test
    print("\n" + "\u2550" 
* 72)
  File "C:\Users\shiro\App
Data\Local\Programs\Python
\Python310\lib\encodings\c
p1252.py", line 19, in 
encode
    return codecs.charmap_
encode(input,self.errors,e
ncoding_table)[0]
UnicodeEncodeError: 
'charmap' codec can't 
encode characters in 
position 2-73: character 
maps to <undefined>
